// Vitest Snapshot v1, https://vitest.dev/guide/snapshot.html

exports[`FieldSelectVisitor E2E Tests > Basic Field Types > should select regular text field correctly > text-field-query 1`] = `"select "text_field" from "test_field_select_visitor""`;

exports[`FieldSelectVisitor E2E Tests > Formula Fields > should select generated column for supported formula (dbGenerated=true) > generated-column-supported-query 1`] = `"select "formula_field___generated" from "test_generated_column""`;

exports[`FieldSelectVisitor E2E Tests > Formula Fields > should select regular formula field (dbGenerated=false) > regular-formula-field-query 1`] = `"select "formula_field" from "test_field_select_visitor""`;

exports[`FieldSelectVisitor E2E Tests > Formula Fields > should use computed SQL for unsupported formula (dbGenerated=true but not supported) > unsupported-formula-computed-sql-query 1`] = `
"select (
      SELECT string_agg(
        CASE
          WHEN json_typeof(value) = 'array' THEN value::text
          ELSE value::text
        END,
        ','
      )
      FROM json_array_elements("text_field")
    ) as "formula_field_unsupported___generated" from "test_field_select_visitor""
`;
