// Vitest Snapshot v1, https://vitest.dev/guide/snapshot.html

exports[`SQLite SELECT Query Integration Tests > Array Functions > should compute ARRAY_COMPACT function > sqlite-select-ARRAY_COMPACT__fld_array__ 1`] = `"select \`id\`, '[' || (SELECT GROUP_CONCAT('"' || value || '"') FROM json_each("array_col") WHERE value IS NOT NULL AND value != 'null') || ']' as computed_value from \`test_select_query_table\`"`;

exports[`SQLite SELECT Query Integration Tests > Array Functions > should compute ARRAY_FLATTEN function > sqlite-select-ARRAY_FLATTEN__fld_array__ 1`] = `"select \`id\`, "array_col" as computed_value from \`test_select_query_table\`"`;

exports[`SQLite SELECT Query Integration Tests > Array Functions > should compute ARRAY_JOIN function > sqlite-select-ARRAY_JOIN__fld_array_______ 1`] = `"select \`id\`, (SELECT GROUP_CONCAT(value, ',') FROM json_each("array_col")) as computed_value from \`test_select_query_table\`"`;

exports[`SQLite SELECT Query Integration Tests > Array Functions > should compute ARRAY_UNIQUE function > sqlite-select-ARRAY_UNIQUE__fld_array__ 1`] = `"select \`id\`, '[' || (SELECT GROUP_CONCAT('"' || value || '"') FROM (SELECT DISTINCT value FROM json_each("array_col"))) || ']' as computed_value from \`test_select_query_table\`"`;

exports[`SQLite SELECT Query Integration Tests > Basic Arithmetic Operations > should compute a * b > sqlite-select-_fld_a_____fld_b_ 1`] = `"select \`id\`, ("a" * "b") as computed_value from \`test_select_query_table\`"`;

exports[`SQLite SELECT Query Integration Tests > Basic Arithmetic Operations > should compute a + 1 and return 2 > sqlite-select-_fld_a____1 1`] = `"select \`id\`, ("a" + 1) as computed_value from \`test_select_query_table\`"`;

exports[`SQLite SELECT Query Integration Tests > Basic Arithmetic Operations > should compute a + b > sqlite-select-_fld_a_____fld_b_ 1`] = `"select \`id\`, ("a" + "b") as computed_value from \`test_select_query_table\`"`;

exports[`SQLite SELECT Query Integration Tests > Basic Arithmetic Operations > should compute a / b > sqlite-select-_fld_a_____fld_b_ 1`] = `"select \`id\`, ("a" / "b") as computed_value from \`test_select_query_table\`"`;

exports[`SQLite SELECT Query Integration Tests > Basic Arithmetic Operations > should compute a - b > sqlite-select-_fld_a_____fld_b_ 1`] = `"select \`id\`, ("a" - "b") as computed_value from \`test_select_query_table\`"`;

exports[`SQLite SELECT Query Integration Tests > Binary Operations > should compute addition operation > sqlite-select-_fld_a_____fld_b_ 1`] = `"select \`id\`, ("a" + "b") as computed_value from \`test_select_query_table\`"`;

exports[`SQLite SELECT Query Integration Tests > Binary Operations > should compute division operation > sqlite-select-_fld_a_____fld_b_ 1`] = `"select \`id\`, ("a" / "b") as computed_value from \`test_select_query_table\`"`;

exports[`SQLite SELECT Query Integration Tests > Binary Operations > should compute modulo operation > sqlite-select-7___3 1`] = `"select \`id\`, (7 % 3) as computed_value from \`test_select_query_table\`"`;

exports[`SQLite SELECT Query Integration Tests > Binary Operations > should compute multiplication operation > sqlite-select-_fld_a_____fld_b_ 1`] = `"select \`id\`, ("a" * "b") as computed_value from \`test_select_query_table\`"`;

exports[`SQLite SELECT Query Integration Tests > Binary Operations > should compute subtraction operation > sqlite-select-_fld_a_____fld_b_ 1`] = `"select \`id\`, ("a" - "b") as computed_value from \`test_select_query_table\`"`;

exports[`SQLite SELECT Query Integration Tests > Comparison Operations > should compute equal operation > sqlite-select-_fld_a____1 1`] = `"select \`id\`, ("a" = 1) as computed_value from \`test_select_query_table\`"`;

exports[`SQLite SELECT Query Integration Tests > Comparison Operations > should compute greater than operation > sqlite-select-_fld_a_____fld_b_ 1`] = `"select \`id\`, ("a" > "b") as computed_value from \`test_select_query_table\`"`;

exports[`SQLite SELECT Query Integration Tests > Comparison Operations > should compute greater than or equal operation > sqlite-select-_fld_a_____1 1`] = `"select \`id\`, ("a" >= 1) as computed_value from \`test_select_query_table\`"`;

exports[`SQLite SELECT Query Integration Tests > Comparison Operations > should compute less than operation > sqlite-select-_fld_a_____fld_b_ 1`] = `"select \`id\`, ("a" < "b") as computed_value from \`test_select_query_table\`"`;

exports[`SQLite SELECT Query Integration Tests > Comparison Operations > should compute less than or equal operation > sqlite-select-_fld_a_____1 1`] = `"select \`id\`, ("a" <= 1) as computed_value from \`test_select_query_table\`"`;

exports[`SQLite SELECT Query Integration Tests > Comparison Operations > should compute not equal operation > sqlite-select-_fld_a_____1 1`] = `"select \`id\`, ("a" <> 1) as computed_value from \`test_select_query_table\`"`;

exports[`SQLite SELECT Query Integration Tests > Complex Expressions > should compute complex nested expression > sqlite-select-IF__fld_a_____fld_b___UPPER__fld_text____LOWER_CONCATENATE__fld_text___________modified____ 1`] = `"select \`id\`, CASE WHEN ("a" > "b") THEN UPPER("text_col") ELSE LOWER((COALESCE("text_col", '') || COALESCE(' - ', '') || COALESCE('modified', ''))) END as computed_value from \`test_select_query_table\`"`;

exports[`SQLite SELECT Query Integration Tests > Complex Expressions > should compute mathematical expression with functions > sqlite-select-ROUND_SQRT_POWER__fld_a___2____POWER__fld_b___2____2_ 1`] = `"select \`id\`, ROUND(SQRT((POWER("a", 2) + POWER("b", 2))), 2) as computed_value from \`test_select_query_table\`"`;

exports[`SQLite SELECT Query Integration Tests > Date/Time Functions (Mutable) > should compute DATESTR function > sqlite-select-DATESTR__fld_date__ 1`] = `"select \`id\`, DATE("date_col") as computed_value from \`test_select_query_table\`"`;

exports[`SQLite SELECT Query Integration Tests > Date/Time Functions (Mutable) > should compute DAY function > sqlite-select-DAY__fld_date__ 1`] = `"select \`id\`, CAST(STRFTIME('%d', "date_col") AS INTEGER) as computed_value from \`test_select_query_table\`"`;

exports[`SQLite SELECT Query Integration Tests > Date/Time Functions (Mutable) > should compute HOUR function > sqlite-select-HOUR__fld_date__ 1`] = `"select \`id\`, CAST(STRFTIME('%H', "date_col") AS INTEGER) as computed_value from \`test_select_query_table\`"`;

exports[`SQLite SELECT Query Integration Tests > Date/Time Functions (Mutable) > should compute MINUTE function > sqlite-select-MINUTE__fld_date__ 1`] = `"select \`id\`, CAST(STRFTIME('%M', "date_col") AS INTEGER) as computed_value from \`test_select_query_table\`"`;

exports[`SQLite SELECT Query Integration Tests > Date/Time Functions (Mutable) > should compute MONTH function > sqlite-select-MONTH__fld_date__ 1`] = `"select \`id\`, CAST(STRFTIME('%m', "date_col") AS INTEGER) as computed_value from \`test_select_query_table\`"`;

exports[`SQLite SELECT Query Integration Tests > Date/Time Functions (Mutable) > should compute NOW function (mutable) > sqlite-select-NOW___ 1`] = `"DATETIME('now')"`;

exports[`SQLite SELECT Query Integration Tests > Date/Time Functions (Mutable) > should compute SECOND function > sqlite-select-SECOND__fld_date__ 1`] = `"select \`id\`, CAST(STRFTIME('%S', "date_col") AS INTEGER) as computed_value from \`test_select_query_table\`"`;

exports[`SQLite SELECT Query Integration Tests > Date/Time Functions (Mutable) > should compute TIMESTR function > sqlite-select-TIMESTR__fld_date__ 1`] = `"select \`id\`, TIME("date_col") as computed_value from \`test_select_query_table\`"`;

exports[`SQLite SELECT Query Integration Tests > Date/Time Functions (Mutable) > should compute TODAY function (mutable) > sqlite-select-TODAY___ 1`] = `"DATE('now')"`;

exports[`SQLite SELECT Query Integration Tests > Date/Time Functions (Mutable) > should compute WEEKDAY function > sqlite-select-WEEKDAY__fld_date__ 1`] = `"select \`id\`, CAST(STRFTIME('%w', "date_col") AS INTEGER) + 1 as computed_value from \`test_select_query_table\`"`;

exports[`SQLite SELECT Query Integration Tests > Date/Time Functions (Mutable) > should compute WEEKNUM function > sqlite-select-WEEKNUM__fld_date__ 1`] = `"select \`id\`, CAST(STRFTIME('%W', "date_col") AS INTEGER) as computed_value from \`test_select_query_table\`"`;

exports[`SQLite SELECT Query Integration Tests > Date/Time Functions (Mutable) > should compute YEAR function > sqlite-select-YEAR__fld_date__ 1`] = `"select \`id\`, CAST(STRFTIME('%Y', "date_col") AS INTEGER) as computed_value from \`test_select_query_table\`"`;

exports[`SQLite SELECT Query Integration Tests > Logical Functions > should compute AND function > sqlite-select-AND__fld_a____0___fld_b____0_ 1`] = `"select \`id\`, ((("a" > 0)) AND (("b" > 0))) as computed_value from \`test_select_query_table\`"`;

exports[`SQLite SELECT Query Integration Tests > Logical Functions > should compute BLANK function > sqlite-select-BLANK__ 1`] = `"select \`id\`, NULL as computed_value from \`test_select_query_table\`"`;

exports[`SQLite SELECT Query Integration Tests > Logical Functions > should compute IF function > sqlite-select-IF__fld_a_____fld_b____greater____not_greater__ 1`] = `"select \`id\`, CASE WHEN ("a" > "b") THEN 'greater' ELSE 'not greater' END as computed_value from \`test_select_query_table\`"`;

exports[`SQLite SELECT Query Integration Tests > Logical Functions > should compute NOT function > sqlite-select-NOT__fld_a_____fld_b__ 1`] = `"select \`id\`, NOT (("a" > "b")) as computed_value from \`test_select_query_table\`"`;

exports[`SQLite SELECT Query Integration Tests > Logical Functions > should compute OR function > sqlite-select-OR__fld_a____10___fld_b____1_ 1`] = `"select \`id\`, ((("a" > 10)) OR (("b" > 1))) as computed_value from \`test_select_query_table\`"`;

exports[`SQLite SELECT Query Integration Tests > Logical Functions > should compute SWITCH function > sqlite-select-SWITCH__fld_a___1___one___5___five____other__ 1`] = `"select \`id\`, CASE "a" WHEN 1 THEN 'one' WHEN 5 THEN 'five' ELSE 'other' END as computed_value from \`test_select_query_table\`"`;

exports[`SQLite SELECT Query Integration Tests > Logical Functions > should compute XOR function > sqlite-select-XOR__fld_a____0___fld_b____10_ 1`] = `"select \`id\`, ((("a" > 0)) AND NOT (("b" > 10))) OR (NOT (("a" > 0)) AND (("b" > 10))) as computed_value from \`test_select_query_table\`"`;

exports[`SQLite SELECT Query Integration Tests > Math Functions > should compute ABS function > sqlite-select-ABS__fld_a_____fld_b__ 1`] = `"select \`id\`, ABS(("a" - "b")) as computed_value from \`test_select_query_table\`"`;

exports[`SQLite SELECT Query Integration Tests > Math Functions > should compute AVERAGE function > sqlite-select-__fld_a_____fld_b_____2 1`] = `"select \`id\`, ((("a" + "b")) / 2) as computed_value from \`test_select_query_table\`"`;

exports[`SQLite SELECT Query Integration Tests > Math Functions > should compute CEILING function > sqlite-select-CEILING__fld_a_____fld_b__ 1`] = `"select \`id\`, CAST(CEIL(("a" / "b")) AS INTEGER) as computed_value from \`test_select_query_table\`"`;

exports[`SQLite SELECT Query Integration Tests > Math Functions > should compute EVEN function > sqlite-select-EVEN_3_ 1`] = `"select \`id\`, CASE WHEN CAST(3 AS INTEGER) % 2 = 0 THEN CAST(3 AS INTEGER) ELSE CAST(3 AS INTEGER) + 1 END as computed_value from \`test_select_query_table\`"`;

exports[`SQLite SELECT Query Integration Tests > Math Functions > should compute EXP function > sqlite-select-EXP_1_ 1`] = `"select \`id\`, EXP(1) as computed_value from \`test_select_query_table\`"`;

exports[`SQLite SELECT Query Integration Tests > Math Functions > should compute FLOOR function > sqlite-select-FLOOR__fld_a_____fld_b__ 1`] = `"select \`id\`, CAST(FLOOR(("a" / "b")) AS INTEGER) as computed_value from \`test_select_query_table\`"`;

exports[`SQLite SELECT Query Integration Tests > Math Functions > should compute INT function > sqlite-select-INT__fld_a_____fld_b__ 1`] = `"select \`id\`, CAST(("a" / "b") AS INTEGER) as computed_value from \`test_select_query_table\`"`;

exports[`SQLite SELECT Query Integration Tests > Math Functions > should compute LOG function > sqlite-select-LOG_10_ 1`] = `"select \`id\`, (LOG(10) * 2.302585092994046) as computed_value from \`test_select_query_table\`"`;

exports[`SQLite SELECT Query Integration Tests > Math Functions > should compute MAX function > sqlite-select-MAX__fld_a____fld_b__ 1`] = `"select \`id\`, MAX("a", "b") as computed_value from \`test_select_query_table\`"`;

exports[`SQLite SELECT Query Integration Tests > Math Functions > should compute MIN function > sqlite-select-MIN__fld_a____fld_b__ 1`] = `"select \`id\`, MIN("a", "b") as computed_value from \`test_select_query_table\`"`;

exports[`SQLite SELECT Query Integration Tests > Math Functions > should compute MOD function > sqlite-select-MOD__fld_a____4__3_ 1`] = `"select \`id\`, (("a" + 4) % 3) as computed_value from \`test_select_query_table\`"`;

exports[`SQLite SELECT Query Integration Tests > Math Functions > should compute ODD function > sqlite-select-ODD_4_ 1`] = `"select \`id\`, CASE WHEN CAST(4 AS INTEGER) % 2 = 1 THEN CAST(4 AS INTEGER) ELSE CAST(4 AS INTEGER) + 1 END as computed_value from \`test_select_query_table\`"`;

exports[`SQLite SELECT Query Integration Tests > Math Functions > should compute POWER function > sqlite-select-POWER__fld_a____fld_b__ 1`] = `"select \`id\`, POWER("a", "b") as computed_value from \`test_select_query_table\`"`;

exports[`SQLite SELECT Query Integration Tests > Math Functions > should compute ROUND function > sqlite-select-ROUND__fld_a_____fld_b___2_ 1`] = `"select \`id\`, ROUND(("a" / "b"), 2) as computed_value from \`test_select_query_table\`"`;

exports[`SQLite SELECT Query Integration Tests > Math Functions > should compute ROUNDDOWN function > sqlite-select-ROUNDDOWN__fld_a_____fld_b___1_ 1`] = `"select \`id\`, CAST(FLOOR(("a" / "b") * POWER(10, 1)) / POWER(10, 1) AS REAL) as computed_value from \`test_select_query_table\`"`;

exports[`SQLite SELECT Query Integration Tests > Math Functions > should compute ROUNDUP function > sqlite-select-ROUNDUP__fld_a_____fld_b___1_ 1`] = `"select \`id\`, CAST(CEIL(("a" / "b") * POWER(10, 1)) / POWER(10, 1) AS REAL) as computed_value from \`test_select_query_table\`"`;

exports[`SQLite SELECT Query Integration Tests > Math Functions > should compute SQRT function > sqlite-select-SQRT__fld_a____4_ 1`] = `"select \`id\`, SQRT(("a" * 4)) as computed_value from \`test_select_query_table\`"`;

exports[`SQLite SELECT Query Integration Tests > Math Functions > should compute SUM function > sqlite-select-_fld_a_____fld_b_ 1`] = `"select \`id\`, ("a" + "b") as computed_value from \`test_select_query_table\`"`;

exports[`SQLite SELECT Query Integration Tests > Math Functions > should compute VALUE function > sqlite-select-VALUE__123__ 1`] = `"select \`id\`, CAST('123' AS REAL) as computed_value from \`test_select_query_table\`"`;

exports[`SQLite SELECT Query Integration Tests > SQLite-Specific Features > should handle SQLite boolean representation > sqlite-select-_fld_boolean_ 1`] = `"select \`id\`, "boolean_col" as computed_value from \`test_select_query_table\`"`;

exports[`SQLite SELECT Query Integration Tests > SQLite-Specific Features > should handle SQLite date functions > sqlite-select-YEAR__fld_date__ 1`] = `"select \`id\`, CAST(STRFTIME('%Y', "date_col") AS INTEGER) as computed_value from \`test_select_query_table\`"`;

exports[`SQLite SELECT Query Integration Tests > SQLite-Specific Features > should handle SQLite string concatenation > sqlite-select-CONCATENATE__a____b__ 1`] = `"select \`id\`, (COALESCE('a', '') || COALESCE('b', '')) as computed_value from \`test_select_query_table\`"`;

exports[`SQLite SELECT Query Integration Tests > System Functions > should compute AUTO_NUMBER function > sqlite-select-AUTO_NUMBER__ 1`] = `"select \`id\`, __auto_number as computed_value from \`test_select_query_table\`"`;

exports[`SQLite SELECT Query Integration Tests > System Functions > should compute RECORD_ID function > sqlite-select-RECORD_ID__ 1`] = `"select \`id\`, __id as computed_value from \`test_select_query_table\`"`;

exports[`SQLite SELECT Query Integration Tests > Text Functions > should compute CONCATENATE function > sqlite-select-CONCATENATE__fld_text_________test__ 1`] = `"select \`id\`, (COALESCE("text_col", '') || COALESCE(' ', '') || COALESCE('test', '')) as computed_value from \`test_select_query_table\`"`;

exports[`SQLite SELECT Query Integration Tests > Text Functions > should compute FIND function > sqlite-select-FIND__l____fld_text__ 1`] = `"select \`id\`, INSTR("text_col", 'l') as computed_value from \`test_select_query_table\`"`;

exports[`SQLite SELECT Query Integration Tests > Text Functions > should compute LEFT function > sqlite-select-LEFT__fld_text___3_ 1`] = `"select \`id\`, SUBSTR("text_col", 1, 3) as computed_value from \`test_select_query_table\`"`;

exports[`SQLite SELECT Query Integration Tests > Text Functions > should compute LEN function > sqlite-select-LEN__fld_text__ 1`] = `"select \`id\`, LENGTH("text_col") as computed_value from \`test_select_query_table\`"`;

exports[`SQLite SELECT Query Integration Tests > Text Functions > should compute LOWER function > sqlite-select-LOWER__fld_text__ 1`] = `"select \`id\`, LOWER("text_col") as computed_value from \`test_select_query_table\`"`;

exports[`SQLite SELECT Query Integration Tests > Text Functions > should compute MID function > sqlite-select-MID__fld_text___2__3_ 1`] = `"select \`id\`, SUBSTR("text_col", 2, 3) as computed_value from \`test_select_query_table\`"`;

exports[`SQLite SELECT Query Integration Tests > Text Functions > should compute REPLACE function > sqlite-select-REPLACE__fld_text___1__2___Hi__ 1`] = `"select \`id\`, (SUBSTR("text_col", 1, 1 - 1) || 'Hi' || SUBSTR("text_col", 1 + 2)) as computed_value from \`test_select_query_table\`"`;

exports[`SQLite SELECT Query Integration Tests > Text Functions > should compute REPT function > sqlite-select-REPT__a___3_ 1`] = `"select \`id\`, REPLACE(HEX(ZEROBLOB(3)), '00', 'a') as computed_value from \`test_select_query_table\`"`;

exports[`SQLite SELECT Query Integration Tests > Text Functions > should compute RIGHT function > sqlite-select-RIGHT__fld_text___3_ 1`] = `"select \`id\`, SUBSTR("text_col", -3) as computed_value from \`test_select_query_table\`"`;

exports[`SQLite SELECT Query Integration Tests > Text Functions > should compute SEARCH function > sqlite-select-SEARCH__l____fld_text__ 1`] = `"select \`id\`, INSTR(UPPER("text_col"), UPPER('l')) as computed_value from \`test_select_query_table\`"`;

exports[`SQLite SELECT Query Integration Tests > Text Functions > should compute SUBSTITUTE function > sqlite-select-SUBSTITUTE__fld_text____l____x__ 1`] = `"select \`id\`, REPLACE("text_col", 'l', 'x') as computed_value from \`test_select_query_table\`"`;

exports[`SQLite SELECT Query Integration Tests > Text Functions > should compute T function > sqlite-select-T__fld_a__ 1`] = `"select \`id\`, CASE WHEN "a" IS NULL THEN '' WHEN typeof("a") = 'text' THEN "a" ELSE "a" END as computed_value from \`test_select_query_table\`"`;

exports[`SQLite SELECT Query Integration Tests > Text Functions > should compute UPPER function > sqlite-select-UPPER__fld_text__ 1`] = `"select \`id\`, UPPER("text_col") as computed_value from \`test_select_query_table\`"`;

exports[`SQLite SELECT Query Integration Tests > Type Casting > should compute boolean casting > sqlite-select-_fld_a____0 1`] = `"select \`id\`, ("a" > 0) as computed_value from \`test_select_query_table\`"`;

exports[`SQLite SELECT Query Integration Tests > Type Casting > should compute date casting > sqlite-select-DATESTR__fld_date__ 1`] = `"select \`id\`, DATE("date_col") as computed_value from \`test_select_query_table\`"`;

exports[`SQLite SELECT Query Integration Tests > Type Casting > should compute number casting > sqlite-select-VALUE__123__ 1`] = `"select \`id\`, CAST('123' AS REAL) as computed_value from \`test_select_query_table\`"`;

exports[`SQLite SELECT Query Integration Tests > Type Casting > should compute string casting > sqlite-select-T__fld_a__ 1`] = `"select \`id\`, CASE WHEN "a" IS NULL THEN '' WHEN typeof("a") = 'text' THEN "a" ELSE "a" END as computed_value from \`test_select_query_table\`"`;

exports[`SQLite SELECT Query Integration Tests > Utility Functions > should compute null check > sqlite-select-_fld_a__IS_NULL 1`] = `"select \`id\`, "a" as computed_value from \`test_select_query_table\`"`;

exports[`SQLite SELECT Query Integration Tests > Utility Functions > should compute parentheses grouping > sqlite-select-__fld_a_____fld_b_____2 1`] = `"select \`id\`, ((("a" + "b")) * 2) as computed_value from \`test_select_query_table\`"`;
